Microchip MPLAB XC8 Compiler V2.40

Linker command line:

-W-3 \
  --edf=C:\Program Files\Microchip\xc8\v2.40\pic\dat\20220703182018_en.msgs \
  -cn -h+dist/default/production\srf05_pic16f887.X.production.sym \
  --cmf=dist/default/production\srf05_pic16f887.X.production.cmf -z \
  -Q16F887 -oC:\Users\Asus\AppData\Local\Temp\xcAs4go.4 \
  --defsym=__MPLAB_BUILD=1 --fixupoverflow=error \
  -Mdist/default/production/srf05_pic16f887.X.production.map \
  --md=C:\Users\Asus\AppData\Local\Temp\xcAs4go.dat -E1 -ver=XC8 Compiler \
  --acfsm=1493 -ACODE=00h-07FFhx4 -ASTRCODE=00h-01FFFh -ASTRING=00h-0FFhx32 \
  -ACONST=00h-0FFhx32 -AENTRY=00h-0FFhx32 -ACOMMON=070h-07Fh \
  -ABANK0=020h-06Fh -ABANK1=0A0h-0EFh -ABANK2=0110h-016Fh \
  -ABANK3=0190h-01EFh -ARAM=020h-06Fh,0A0h-0EFh,0110h-016Fh,0190h-01EFh \
  -AABS1=020h-07Fh,0A0h-0EFh,0110h-016Fh,0190h-01EFh -ASFR0=00h-01Fh \
  -ASFR1=080h-09Fh -ASFR2=0100h-010Fh -ASFR3=0180h-018Fh \
  -ACONFIG=02007h-02008h -DCONFIG=2 -AIDLOC=02000h-02003h -DIDLOC=2 \
  -AEEDATA=00h-0FFh/02100h -peeprom_data=EEDATA -DEEDATA=2 -DCODE=2 \
  -DSTRCODE=2 -DSTRING=2 -DCONST=2 -DENTRY=2 \
  -preset_vec=00h,intentry,init,end_init -ppowerup=CODE -pcinit=CODE \
  -pfunctab=ENTRY -k C:\Users\Asus\AppData\Local\Temp\xcAs4go.o \
  dist/default/production\srf05_pic16f887.X.production.o 

Object code version is 3.11

Machine type is 16F887



                Name                               Link     Load   Length Selector   Space Scale
C:\Users\Asus\AppData\Local\Temp\xcAs4go.o
                end_init                              0        0        3        0       0
                config                             2007     2007        2        0       4
dist/default/production\srf05_pic16f887.X.production.o
                cinit                               7F0      7F0       10      FE0       0
                config                             2007     2007        2        0       4
                text30                             1B8C     1B8C       58     3718       0
                text29                             19BE     19BE       2D     337C       0
                text28                             1CA3     1CA3       94     3946       0
                text27                             19EB     19EB       36     33D6       0
                text26                             1A9F     1A9F       49     353E       0
                text25                             11CA     11CA      1D3     2394       0
                text24                             1001     1001       4C     2002       0
                text23                             1AE8     1AE8       4E     35D0       0
                text22                             1D37     1D37       A2     3A6E       0
                text21                              8E8      8E8        B     11D0       0
                text20                             15A8     15A8      258     2B50       0
                text19                             1928     1928       24     3250       0
                text18                                7        7       78        E       0
                text17                             1C3D     1C3D       66     387A       0
                text16                             1B36     1B36       56     366C       0
                text15                             194C     194C       25     3298       0
                text14                             1E90     1E90       B8     3D20       0
                text13                             1F48     1F48       B8     3E90       0
                text12                             1DD9     1DD9       B7     3BB2       0
                text11                             1997     1997       27     332E       0
                text10                              95C      95C      345     12B8       0
                text9                              1A5B     1A5B       44     34B6       0
                text8                              1A21     1A21       3A     3442       0
                text7                              139D     139D      20B     273A       0
                text6                              1916     1916       12     322C       0
                text5                               8F3      8F3       69     11E6       0
                text4                              1BE4     1BE4       59     37C8       0
                text3                               CA1      CA1      35F     1942       0
                text2                                7F       7F      771       FE       0
                text1                              1971     1971       26     32E2       0
                maintext                           104D     104D      17D     209A       0
                cstackBANK0                          20       20       4E       20       1
                cstackCOMMON                         70       70        E       70       1
                cstackBANK1                          A0       A0       2C       A0       1
                clrtext                            190E     190E        8     321C       0
                bssBANK1                             CC       CC       14       A0       1
                bitbssBANK0                         370       6E        1       20       1     8
                strings                             800      800       E8     1000       0

TOTAL           Name                               Link     Load   Length     Space
        CLASS   CODE           
                end_init                              0        0        3         0
                cinit                               7F0      7F0       10         0
                text30                             1B8C     1B8C       58         0
                text29                             19BE     19BE       2D         0
                text28                             1CA3     1CA3       94         0
                text27                             19EB     19EB       36         0
                text26                             1A9F     1A9F       49         0
                text25                             11CA     11CA      1D3         0
                text24                             1001     1001       4C         0
                text23                             1AE8     1AE8       4E         0
                text22                             1D37     1D37       A2         0
                text21                              8E8      8E8        B         0
                text20                             15A8     15A8      258         0
                text19                             1928     1928       24         0
                text18                                7        7       78         0
                text17                             1C3D     1C3D       66         0
                text16                             1B36     1B36       56         0
                text15                             194C     194C       25         0
                text14                             1E90     1E90       B8         0
                text13                             1F48     1F48       B8         0
                text12                             1DD9     1DD9       B7         0
                text11                             1997     1997       27         0
                text10                              95C      95C      345         0
                text9                              1A5B     1A5B       44         0
                text8                              1A21     1A21       3A         0
                text7                              139D     139D      20B         0
                text6                              1916     1916       12         0
                text5                               8F3      8F3       69         0
                text4                              1BE4     1BE4       59         0
                text3                               CA1      CA1      35F         0
                text2                                7F       7F      771         0
                text1                              1971     1971       26         0
                maintext                           104D     104D      17D         0
                clrtext                            190E     190E        8         0

        CLASS   STRCODE        

        CLASS   STRING         
                strings                             800      800       E8         0

        CLASS   CONST          

        CLASS   ENTRY          

        CLASS   COMMON         
                cstackCOMMON                         70       70        E         1

        CLASS   BANK0          
                cstackBANK0                          20       20       4E         1
                bitbssBANK0                         370       6E        1         1

        CLASS   BANK1          
                cstackBANK1                          A0       A0       2C         1
                bssBANK1                             CC       CC       14         1

        CLASS   BANK2          

        CLASS   BANK3          

        CLASS   RAM            

        CLASS   ABS1           
                abs_s1                               7E       7E        2         1

        CLASS   SFR0           

        CLASS   SFR1           

        CLASS   SFR2           

        CLASS   SFR3           

        CLASS   CONFIG         
                config                             2007     2007        2         4

        CLASS   IDLOC          

        CLASS   EEDATA         

        CLASS   STACK          



SEGMENTS        Name                           Load    Length   Top    Selector   Space  Class     Delta

                reset_vec                      000000  000003  000003         0       0  CODE        2
                text18                         000007  000078  00007F         E       0  CODE        2
                cstackBANK0                    000020  00004F  00006F        20       1  BANK0       1
                cstackCOMMON                   000070  00000E  00007E        70       1  COMMON      1
                cstackBANK1                    0000A0  000040  0000E0        A0       1  BANK1       1
                text2                          00007F  000771  0007F0        FE       0  CODE        2
                cinit                          0007F0  000010  000800       FE0       0  CODE        2
                strings                        000800  0000E8  0008E8      1000       0  STRING      2
                text21                         0008E8  00000B  0008F3      11D0       0  CODE        2
                text5                          0008F3  000069  00095C      11E6       0  CODE        2
                text10                         00095C  000345  000CA1      12B8       0  CODE        2
                text3                          000CA1  00035F  001000      1942       0  CODE        2
                text24                         001001  00004C  00104D      2002       0  CODE        2
                maintext                       00104D  00017D  0011CA      209A       0  CODE        2
                text25                         0011CA  0001D3  00139D      2394       0  CODE        2
                text7                          00139D  00020B  0015A8      273A       0  CODE        2
                text20                         0015A8  000258  001800      2B50       0  CODE        2
                clrtext                        00190E  000008  001916      321C       0  CODE        2
                text6                          001916  000012  001928      322C       0  CODE        2
                text19                         001928  000024  00194C      3250       0  CODE        2
                text15                         00194C  000025  001971      3298       0  CODE        2
                text1                          001971  000026  001997      32E2       0  CODE        2
                text11                         001997  000027  0019BE      332E       0  CODE        2
                text29                         0019BE  00002D  0019EB      337C       0  CODE        2
                text27                         0019EB  000036  001A21      33D6       0  CODE        2
                text8                          001A21  00003A  001A5B      3442       0  CODE        2
                text9                          001A5B  000044  001A9F      34B6       0  CODE        2
                text26                         001A9F  000049  001AE8      353E       0  CODE        2
                text23                         001AE8  00004E  001B36      35D0       0  CODE        2
                text16                         001B36  000056  001B8C      366C       0  CODE        2
                text30                         001B8C  000058  001BE4      3718       0  CODE        2
                text4                          001BE4  000059  001C3D      37C8       0  CODE        2
                text17                         001C3D  000066  001CA3      387A       0  CODE        2
                text28                         001CA3  000094  001D37      3946       0  CODE        2
                text22                         001D37  0000A2  001DD9      3A6E       0  CODE        2
                text12                         001DD9  0000B7  001E90      3BB2       0  CODE        2
                text14                         001E90  0000B8  001F48      3D20       0  CODE        2
                text13                         001F48  0000B8  002000      3E90       0  CODE        2


UNUSED ADDRESS RANGES

        Name                Unused          Largest block    Delta
        BANK0            006F-006F              1           1
        BANK1            00E0-00EF             10           1
        BANK2            0110-016F             60           1
        BANK3            0190-01EF             60           1
        CODE             0003-0006              4           2
                         1000-1000              1
                         1800-190D            10E
        CONST            0003-0006              4           2
                         1000-1000              1
                         1800-190D            100
        EEDATA           2100-21FF            100           2
        ENTRY            0003-0006              4           2
                         1000-1000              1
                         1800-190D            100
        IDLOC            2000-2003              4           2
        RAM              006F-006F              1           1
                         00E0-00EF             10
                         0110-016F             60
                         0190-01EF             60
        SFR0             0000-001F             20           1
        SFR1             0080-009F             20           1
        SFR2             0100-010F             10           1
        SFR3             0180-018F             10           1
        STRCODE          0003-0006              4           2
                         1000-1000              1
                         1800-190D            10E
        STRING           0003-0006              4           2
                         1000-1000              1
                         1800-190D            100

                                  Symbol Table

?__Umul8_16               cstackCOMMON 0070
?___awdiv                 cstackCOMMON 0077
?___awmod                 cstackCOMMON 0070
?___fladd                 cstackBANK0  0052
?___fldiv                 cstackBANK0  0020
?___flmul                 cstackBANK0  0024
?___flneg                 cstackCOMMON 0070
?___flsub                 cstackBANK0  0066
?___fltol                 cstackBANK0  0051
?___lldiv                 cstackCOMMON 0070
?___llmod                 cstackBANK0  0020
?___lwdiv                 cstackCOMMON 0076
?___lwmod                 cstackCOMMON 0070
?___wmul                  cstackCOMMON 0070
?___xxtofl                cstackCOMMON 0070
?__div_to_l_              cstackCOMMON 0070
?__tdiv_to_l_             cstackCOMMON 0070
?_fround                  cstackBANK0  003E
?_scale                   cstackBANK0  003E
?_sprintf                 cstackBANK1  00A0
LCD_Cmd@Command           cstackCOMMON 0075
LCD_Goto@col              cstackCOMMON 0079
LCD_Goto@row              cstackCOMMON 0076
LCD_Print@LCD_Str         cstackCOMMON 0073
LCD_Print@i               cstackCOMMON 0076
LCD_Write_Nibble@n        cstackCOMMON 0072
_ANSELH                   (abs)        0189
_LCD_Begin                text28       1CA3
_LCD_Cmd                  text29       19BE
_LCD_Goto                 text27       19EB
_LCD_Print                text26       1A9F
_LCD_Write_Nibble         text30       1B8C
_OSCCON                   (abs)        008F
_PORTB                    (abs)        0006
_PORTBbits                (abs)        0006
_PORTDbits                (abs)        0008
_RS                       bitbssBANK0  0370
_T1CON                    (abs)        0010
_TMR1H                    (abs)        000F
_TMR1L                    (abs)        000E
_TMR1ON                   (abs)        0080
_TRISB1                   (abs)        0431
_TRISB5                   (abs)        0435
_TRISD0                   (abs)        0440
_TRISD1                   (abs)        0441
_TRISD2                   (abs)        0442
_TRISD3                   (abs)        0443
_TRISD4                   (abs)        0444
_TRISD5                   (abs)        0445
_TRISD6                   (abs)        0446
__Habs1                   abs1         0000
__Hbank0                  bank0        0000
__Hbank1                  bank1        0000
__Hbank2                  bank2        0000
__Hbank3                  bank3        0000
__HbitbssBANK0            bitbssBANK0  0000
__HbssBANK1               bssBANK1     0000
__Hcinit                  cinit        0800
__Hclrtext                clrtext      0000
__Hcode                   code         0000
__Hcommon                 common       0000
__Hconfig                 config       2009
__HcstackBANK0            cstackBANK0  0000
__HcstackBANK1            cstackBANK1  0000
__HcstackCOMMON           cstackCOMMON 0000
__Heeprom_data            eeprom_data  0000
__Hend_init               end_init     0003
__Hfunctab                functab      0000
__Hinit                   init         0000
__Hintentry               intentry     0000
__Hmaintext               maintext     0000
__Hpowerup                powerup      0000
__Hram                    ram          0000
__Hreset_vec              reset_vec    0000
__Hsfr0                   sfr0         0000
__Hsfr1                   sfr1         0000
__Hsfr2                   sfr2         0000
__Hsfr3                   sfr3         0000
__Hspace_0                (abs)        2000
__Hspace_1                (abs)        0371
__Hspace_2                (abs)        0000
__Hspace_3                (abs)        0000
__Hspace_4                (abs)        4010
__Hstack                  stack        0000
__Hstrings                strings      0000
__Htext                   text         0000
__Labs1                   abs1         0000
__Lbank0                  bank0        0000
__Lbank1                  bank1        0000
__Lbank2                  bank2        0000
__Lbank3                  bank3        0000
__LbitbssBANK0            bitbssBANK0  0000
__LbssBANK1               bssBANK1     0000
__Lcinit                  cinit        07F0
__Lclrtext                clrtext      0000
__Lcode                   code         0000
__Lcommon                 common       0000
__Lconfig                 config       0000
__LcstackBANK0            cstackBANK0  0000
__LcstackBANK1            cstackBANK1  0000
__LcstackCOMMON           cstackCOMMON 0000
__Leeprom_data            eeprom_data  0000
__Lend_init               end_init     0000
__Lfunctab                functab      0000
__Linit                   init         0000
__Lintentry               intentry     0000
__Lmaintext               maintext     0000
__Lpowerup                powerup      0000
__Lram                    ram          0000
__Lreset_vec              reset_vec    0000
__Lsfr0                   sfr0         0000
__Lsfr1                   sfr1         0000
__Lsfr2                   sfr2         0000
__Lsfr3                   sfr3         0000
__Lspace_0                (abs)        0000
__Lspace_1                (abs)        0000
__Lspace_2                (abs)        0000
__Lspace_3                (abs)        0000
__Lspace_4                (abs)        0000
__Lstack                  stack        0000
__Lstrings                strings      0000
__Ltext                   text         0000
__S0                      (abs)        2000
__S1                      (abs)        00E0
__S3                      (abs)        0000
__Umul8_16                text11       1997
__Umul8_16@multiplicand   cstackCOMMON 0070
__Umul8_16@multiplier     cstackCOMMON 0078
__Umul8_16@product        cstackCOMMON 0074
__Umul8_16@word_mpld      cstackCOMMON 0076
___awdiv                  text5        08F3
___awdiv@counter          cstackBANK0  0020
___awdiv@dividend         cstackCOMMON 0079
___awdiv@divisor          cstackCOMMON 0077
___awdiv@quotient         cstackBANK0  0022
___awdiv@sign             cstackBANK0  0021
___awmod                  text4        1BE4
___awmod@counter          cstackCOMMON 0075
___awmod@dividend         cstackCOMMON 0072
___awmod@divisor          cstackCOMMON 0070
___awmod@sign             cstackCOMMON 0076
___fladd                  text20       15A8
___fladd@a                cstackBANK0  0056
___fladd@aexp             cstackBANK0  0063
___fladd@b                cstackBANK0  0052
___fladd@bexp             cstackBANK0  0064
___fladd@grs              cstackBANK0  0065
___fladd@signs            cstackBANK0  0062
___fldiv                  text25       11CA
___fldiv@a                cstackBANK0  0020
___fldiv@aexp             cstackBANK0  0039
___fldiv@b                cstackBANK0  0024
___fldiv@bexp             cstackBANK0  0038
___fldiv@grs              cstackBANK0  0034
___fldiv@new_exp          cstackBANK0  0032
___fldiv@rem              cstackBANK0  002D
___fldiv@sign             cstackBANK0  0031
___fleq                   text23       1AE8
___fleq@ff1               cstackCOMMON 0070
___fleq@ff2               cstackCOMMON 0074
___flge                   text22       1D37
___flge@ff1               cstackCOMMON 0070
___flge@ff2               cstackCOMMON 0074
___flmul                  text10       095C
___flmul@a                cstackBANK0  0028
___flmul@aexp             cstackBANK0  0036
___flmul@b                cstackBANK0  0024
___flmul@bexp             cstackBANK0  0037
___flmul@grs              cstackBANK0  0032
___flmul@prod             cstackBANK0  0038
___flmul@sign             cstackBANK0  0031
___flmul@temp             cstackBANK0  003C
___flneg                  text21       08E8
___flneg@f1               cstackCOMMON 0070
___flsub                  text19       1928
___flsub@a                cstackBANK0  0066
___flsub@b                cstackBANK0  006A
___fltol                  text18       0007
___fltol@exp1             cstackBANK0  005A
___fltol@f1               cstackBANK0  0051
___fltol@sign1            cstackBANK0  0059
___int_sp                 stack        0000
___latbits                (abs)        0002
___lldiv                  text17       1C3D
___lldiv@counter          cstackCOMMON 007D
___lldiv@dividend         cstackCOMMON 0074
___lldiv@divisor          cstackCOMMON 0070
___lldiv@quotient         cstackCOMMON 0079
___llmod                  text16       1B36
___llmod@counter          cstackBANK0  0029
___llmod@dividend         cstackBANK0  0024
___llmod@divisor          cstackBANK0  0020
___lwdiv                  text9        1A5B
___lwdiv@counter          cstackCOMMON 007D
___lwdiv@dividend         cstackCOMMON 0078
___lwdiv@divisor          cstackCOMMON 0076
___lwdiv@quotient         cstackCOMMON 007B
___lwmod                  text8        1A21
___lwmod@counter          cstackCOMMON 0075
___lwmod@dividend         cstackCOMMON 0072
___lwmod@divisor          cstackCOMMON 0070
___sp                     stack        0000
___stackhi                (abs)        0000
___stacklo                (abs)        0000
___wmul                   text15       194C
___wmul@multiplicand      cstackCOMMON 0072
___wmul@multiplier        cstackCOMMON 0070
___wmul@product           cstackCOMMON 0074
___xxtofl                 text14       1E90
___xxtofl@arg             cstackCOMMON 007A
___xxtofl@exp             cstackCOMMON 0079
___xxtofl@sign            cstackCOMMON 0078
___xxtofl@val             cstackCOMMON 0070
__div_to_l_               text13       1F48
__div_to_l_@cntr          cstackBANK0  0024
__div_to_l_@exp1          cstackBANK0  0025
__div_to_l_@f1            cstackCOMMON 0070
__div_to_l_@f2            cstackCOMMON 0074
__div_to_l_@quot          cstackBANK0  0020
__end_of_LCD_Begin        text28       1D37
__end_of_LCD_Cmd          text29       19EB
__end_of_LCD_Goto         text27       1A21
__end_of_LCD_Print        text26       1AE8
__end_of_LCD_Write_Nibble text30       1BE4
__end_of__Umul8_16        text11       19BE
__end_of___awdiv          text5        095C
__end_of___awmod          text4        1C3D
__end_of___fladd          text20       1800
__end_of___fldiv          text25       139D
__end_of___fleq           text23       1B36
__end_of___flge           text22       1DD9
__end_of___flmul          text10       0CA1
__end_of___flneg          text21       08F3
__end_of___flsub          text19       194C
__end_of___fltol          text18       007F
__end_of___lldiv          text17       1CA3
__end_of___llmod          text16       1B8C
__end_of___lwdiv          text9        1A9F
__end_of___lwmod          text8        1A5B
__end_of___wmul           text15       1971
__end_of___xxtofl         text14       1F48
__end_of__div_to_l_       text13       2000
__end_of__initialization  cinit        07FC
__end_of__npowers_        strings      0878
__end_of__powers_         strings      0844
__end_of__stringtab       strings      0810
__end_of__tdiv_to_l_      text12       1E90
__end_of_dpowers          strings      08A0
__end_of_fround           text7        15A8
__end_of_get_distance     text24       104D
__end_of_isdigit          text6        1928
__end_of_main             maintext     11CA
__end_of_scale            text3        1000
__end_of_sprintf          text2        07F0
__end_of_wait_sensor      text1        1997
__initialization          cinit        07F0
__npowers_                strings      0844
__pbitbssBANK0            bitbssBANK0  0370
__pbssBANK1               bssBANK1     00CC
__pcstackBANK0            cstackBANK0  0020
__pcstackBANK1            cstackBANK1  00A0
__pcstackCOMMON           cstackCOMMON 0070
__pmaintext               maintext     104D
__powers_                 strings      0810
__pstrings                strings      0800
__ptext1                  text1        1971
__ptext10                 text10       095C
__ptext11                 text11       1997
__ptext12                 text12       1DD9
__ptext13                 text13       1F48
__ptext14                 text14       1E90
__ptext15                 text15       194C
__ptext16                 text16       1B36
__ptext17                 text17       1C3D
__ptext18                 text18       0007
__ptext19                 text19       1928
__ptext2                  text2        007F
__ptext20                 text20       15A8
__ptext21                 text21       08E8
__ptext22                 text22       1D37
__ptext23                 text23       1AE8
__ptext24                 text24       1001
__ptext25                 text25       11CA
__ptext26                 text26       1A9F
__ptext27                 text27       19EB
__ptext28                 text28       1CA3
__ptext29                 text29       19BE
__ptext3                  text3        0CA1
__ptext30                 text30       1B8C
__ptext4                  text4        1BE4
__ptext5                  text5        08F3
__ptext6                  text6        1916
__ptext7                  text7        139D
__ptext8                  text8        1A21
__ptext9                  text9        1A5B
__stringbase              strings      080F
__stringtab               strings      0800
__tdiv_to_l_              text12       1DD9
__tdiv_to_l_@cntr         cstackBANK0  0024
__tdiv_to_l_@exp1         cstackBANK0  0025
__tdiv_to_l_@f1           cstackCOMMON 0070
__tdiv_to_l_@f2           cstackCOMMON 0074
__tdiv_to_l_@quot         cstackBANK0  0020
_dpowers                  strings      0878
_fround                   text7        139D
_fround$840               cstackBANK0  004D
_fround$841               cstackBANK0  0049
_get_distance             text24       1001
_isdigit                  text6        1916
_isdigit$657              cstackCOMMON 0070
_main                     maintext     104D
_scale                    text3        0CA1
_scale$842                cstackBANK0  004C
_sprintf                  text2        007F
_sprintf$843              cstackBANK1  00AA
_text                     bssBANK1     00CC
_wait_sensor              text1        1971
btemp                     (abs)        007E
clear_ram0                clrtext      190E
end_of_initialization     cinit        07FC
fround@prec               cstackBANK0  0051
get_distance@ticks        cstackCOMMON 0072
intlevel0                 functab      0000
intlevel1                 functab      0000
intlevel2                 functab      0000
intlevel3                 functab      0000
intlevel4                 functab      0000
intlevel5                 functab      0000
isdigit@c                 cstackCOMMON 0071
main@distance             cstackBANK1  00CA
main@distance_in_inches   cstackBANK1  00C6
reset_vec                 reset_vec    0000
scale@scl                 cstackBANK0  0050
sprintf@ap                cstackBANK1  00AE
sprintf@c                 cstackBANK1  00C2
sprintf@eexp              cstackBANK1  00B5
sprintf@f                 cstackBANK1  00A0
sprintf@flag              cstackBANK1  00AF
sprintf@fval              cstackBANK1  00BC
sprintf@prec              cstackBANK1  00C0
sprintf@sp                cstackBANK1  00BB
sprintf@tmpval            cstackBANK1  00B7
sprintf@val               cstackBANK1  00B1
start                     init         0000
start_initialization      cinit        07F0
wait_sensor@i             cstackCOMMON 0070
wtemp0                    (abs)        007E


MODULE INFORMATION

Module		Function		Class		Link	Load	Size
C:\Program Files\Microchip\xc8\v2.40\pic\sources\c90\common\fltol.c
		___fltol       		CODE           	0007	0000	120

C:\Program Files\Microchip\xc8\v2.40\pic\sources\c90\common\fltol.c estimated size: 120

C:\Program Files\Microchip\xc8\v2.40\pic\sources\c90\common\awdiv.c
		___awdiv       		CODE           	08F3	0000	105

C:\Program Files\Microchip\xc8\v2.40\pic\sources\c90\common\awdiv.c estimated size: 105

C:\Program Files\Microchip\xc8\v2.40\pic\sources\c90\common\sprcmul.c
		___flmul       		CODE           	095C	0000	837

C:\Program Files\Microchip\xc8\v2.40\pic\sources\c90\common\sprcmul.c estimated size: 837

C:\Program Files\Microchip\xc8\v2.40\pic\sources\c90\common\__lldiv.c
		___lldiv       		CODE           	1C3D	0000	102

C:\Program Files\Microchip\xc8\v2.40\pic\sources\c90\common\__lldiv.c estimated size: 102

C:\Program Files\Microchip\xc8\v2.40\pic\sources\c90\common\flneg.c
		___flneg       		CODE           	08E8	0000	11

C:\Program Files\Microchip\xc8\v2.40\pic\sources\c90\common\flneg.c estimated size: 11

C:\Program Files\Microchip\xc8\v2.40\pic\sources\c90\common\sprcdiv.c
		___fldiv       		CODE           	11CA	0000	467

C:\Program Files\Microchip\xc8\v2.40\pic\sources\c90\common\sprcdiv.c estimated size: 467

C:\Program Files\Microchip\xc8\v2.40\pic\sources\c90\common\fleq.c
		___fleq        		CODE           	1AE8	0000	78

C:\Program Files\Microchip\xc8\v2.40\pic\sources\c90\common\fleq.c estimated size: 78

C:\Program Files\Microchip\xc8\v2.40\pic\sources\c90\common\Umul8_16.c
		__Umul8_16     		CODE           	1997	0000	39

C:\Program Files\Microchip\xc8\v2.40\pic\sources\c90\common\Umul8_16.c estimated size: 39

C:\Program Files\Microchip\xc8\v2.40\pic\sources\c90\common\doprnt.c
		_scale         		CODE           	0CA1	0000	863
		_sprintf       		CODE           	007F	0000	1905
		_fround        		CODE           	139D	0000	523

C:\Program Files\Microchip\xc8\v2.40\pic\sources\c90\common\doprnt.c estimated size: 3291

C:\Program Files\Microchip\xc8\v2.40\pic\sources\c90\common\ftdivl.c
		__tdiv_to_l_   		CODE           	1DD9	0000	183

C:\Program Files\Microchip\xc8\v2.40\pic\sources\c90\common\ftdivl.c estimated size: 183

C:\Program Files\Microchip\xc8\v2.40\pic\sources\c90\common\Umul16.c
		___wmul        		CODE           	194C	0000	37

C:\Program Files\Microchip\xc8\v2.40\pic\sources\c90\common\Umul16.c estimated size: 37

C:\Program Files\Microchip\xc8\v2.40\pic\sources\c90\common\lwmod.c
		___lwmod       		CODE           	1A21	0000	58

C:\Program Files\Microchip\xc8\v2.40\pic\sources\c90\common\lwmod.c estimated size: 58

shared
		__stringtab    		STRING         	0800	0000	16
		__powers_      		STRING         	0810	0000	52
		_dpowers       		STRING         	0878	0000	40
		__npowers_     		STRING         	0844	0000	52
		__initialization		CODE           	07F0	0000	12

shared estimated size: 172

C:\Program Files\Microchip\xc8\v2.40\pic\sources\c90\common\llmod.c
		___llmod       		CODE           	1B36	0000	86

C:\Program Files\Microchip\xc8\v2.40\pic\sources\c90\common\llmod.c estimated size: 86

C:\Program Files\Microchip\xc8\v2.40\pic\sources\c90\common\isdigit.c
		_isdigit       		CODE           	1916	0000	18

C:\Program Files\Microchip\xc8\v2.40\pic\sources\c90\common\isdigit.c estimated size: 18

C:\Program Files\Microchip\xc8\v2.40\pic\sources\c90\common\sprcadd.c
		___flsub       		CODE           	1928	0000	36
		___fladd       		CODE           	15A8	0000	600

C:\Program Files\Microchip\xc8\v2.40\pic\sources\c90\common\sprcadd.c estimated size: 636

C:\Program Files\Microchip\xc8\v2.40\pic\sources\c90\common\awmod.c
		___awmod       		CODE           	1BE4	0000	89

C:\Program Files\Microchip\xc8\v2.40\pic\sources\c90\common\awmod.c estimated size: 89

C:\Program Files\Microchip\xc8\v2.40\pic\sources\c90\common\flge.c
		___flge        		CODE           	1D37	0000	162

C:\Program Files\Microchip\xc8\v2.40\pic\sources\c90\common\flge.c estimated size: 162

main.c
		_get_distance  		CODE           	1001	0000	76
		_LCD_Cmd       		CODE           	19BE	0000	45
		_main          		CODE           	104D	0000	381
		_wait_sensor   		CODE           	1971	0000	38
		_LCD_Begin     		CODE           	1CA3	0000	148
		_LCD_Goto      		CODE           	19EB	0000	54
		_LCD_Print     		CODE           	1A9F	0000	73
		_LCD_Write_Nibble		CODE           	1B8C	0000	88

main.c estimated size: 903

C:\Program Files\Microchip\xc8\v2.40\pic\sources\c90\common\fldivl.c
		__div_to_l_    		CODE           	1F48	0000	184

C:\Program Files\Microchip\xc8\v2.40\pic\sources\c90\common\fldivl.c estimated size: 184

C:\Program Files\Microchip\xc8\v2.40\pic\sources\c90\common\lwdiv.c
		___lwdiv       		CODE           	1A5B	0000	68

C:\Program Files\Microchip\xc8\v2.40\pic\sources\c90\common\lwdiv.c estimated size: 68

C:\Program Files\Microchip\xc8\v2.40\pic\sources\c90\common\xxtofl.c
		___xxtofl      		CODE           	1E90	0000	184

C:\Program Files\Microchip\xc8\v2.40\pic\sources\c90\common\xxtofl.c estimated size: 184

